PHPUnit 9.6.23 by Sebastian Bergmann and contributors.

......                                                              6 / 6 (100%)

Time: 00:00.003, Memory: 4.00 MB

OK (6 tests, 6 assertions)
